#! D09 Sable Conduit
=== D09_R01
name: Sable Conduit - Old Aqueduct
encounters: none
save: true
tileset: conduit
music: M020
zone: D09
region: R01
location: L_D09
grid:
########################################
########################################
########################################
##########...##########...##############
###xx.....,.,..u..p..u.,.,...u.mmm.#####
###x..................,,...u.....x######
.......x..,,,,,,,,,,,,,,,,,,,,,,,.......
..,,,,,,,,,,,,,,..........,,,,,,,,,,,,..
..,,,,,,,,,,,,,,,..........,,,,,,,,,,,..
.....u.............,,............c......
###.............u..,,..u.........cc..###
###x.==^^^^^^^^^^^====^^^^^^^^^^^^...###
###..==~~~x~~~p~~~====~~~~p~~~x~~^...###
###..==~~~~~~~~~~~====~~x~~~~~~~~^.,.###
###.u==^^^^^^^^^^^====^^^^^^^^^^^^.,.###
###.........,......,,.......u....,,..###
###cc..........,...,,...,.........,..###
###r.....u........,,....######.......###
###.......u....,.,,,....#EEEE.....u..###
###r...............,..,.#EEEE......m.###
###.........u...,,,,,,..#EEEE...x....###
###..!......,,,,,,,,,,,.######.......###
###xx....x.....,,,,,,,.....u.....ccr.###
####xx.......,,,,,,,,........c...c.#####
#################,,,,,,#################
#################......#################
#################.,,,,.#################
#################......#################
entities:
spawn world 19 26 up
spawn from_r02 1 7 right
spawn from_r03 38 7 left
spawn default 19 26 up
exit 17..22 27 WORLD l_d09
exit 0 6..9 D09_R02 from_r01 if=event:D09_ENTER
exit 39 6..9 D09_R03 from_r01 if=event:D09_ENTER
trigger 17..22 20..21 scene=D09_ENTER if=!event:D09_ENTER
npc lift_crew 29 19 left sprite=worker talk=D09_LIFT_CREW
read 22 21 "Aqueduct plate: 'Conduit service - three relay stations. Lift power is fed separately. Never cut the lifts.'"
save 6 20
heal 8 20

=== D09_R02
name: Sable Conduit - South Relay
encounters: D09
rate: 0.8
tileset: conduit
music: M020
zone: D09
region: R01
location: L_D09
grid:
##############....##############
##############....##############
############..,..,..############
###..cc.u....,,,,....u..rr.xx###
###..c.........,,.........r..x##
###v...........,,..........v..##
###....u......,,,,.....u......##
###............,,.............##
###....p......,,,,......p....###
###....p.....,,,,,,.....p....###
###..ppp....,,,,,,,,....ppp..###
###.........,,,,,,,,,........###
###v.......,,u,,,,u,,.......v###
###.........,mm*mm,..........###
###.......,,,,,,,,,,,........###
###..ppp..,,,,,,,,,,,..ppp...###
###....p..,,,,,,,,,,,..p.....###
###....p...,,,,,,,,,...p.....###
###....p....,,,,,,,,..p......###
###v.........,,,,,,,.........###
###.xx.........,,,,,............
###x..........,,,,,,,,,,,,,,,,,,
###...........,,,,,,,,,,,,,,,,,,
###.x.....u.............u.......
###...####.........v....v..xx###
###x....#...........,,,.....x###
###.....#.........u.....,,,..###
###x.......................cr###
###xx.......x.........x....cc###
################################
################################
################################
entities:
switch relay_s 15 14 flag=d09_relay_s scene=D09_RELAY_S
chest D09_C_R02 5 26 I019 2
spawn from_r01 30 21 left
spawn from_r04 15 1 down
exit 31 20..23 D09_R01 from_r02
exit 14..17 0 D09_R04 from_r02

=== D09_R03
name: Sable Conduit - North Relay
encounters: D09
rate: 0.8
tileset: conduit
music: M020
zone: D09
region: R01
location: L_D09
grid:
##################....##################
##################....##################
################..,..,..################
##..xx...........,,,,...........rr.cc.##
##.x.............,,,............c..u..##
##....mm................##########.m..##
##....pp................##EEEEEE##..m.##
##....pp.......,,......,##EEEEEE##....##
##....pp................##EEEEEE##..x.##
##....pp................####+#####....##
##....pp..............,,,,,,,,,,......##
##....pp..pmm..........,,,,,,.........##
##....pp..p.*.,,,,,............x......##
##....pp.....,,,,,,.................u.##
##..u.pp......,,,,,...........x.......##
##....pp.................u.....rr.....##
......pp....................cc....c...##
......pp,,,,,,,,,,...........c.......c##
..,,,,,,,,,,,,,,,,,...........cc...,..##
.......x...........,,,.........r....r.##
##xx..x......................x....rr..##
########################################
########################################
########################################
entities:
switch lift_route 14 12 flag=d09_relay_n scene=D09_RELAY_N
npc lift_riders 28 10 up sprite=survivor talk=D09_LIFT_RIDERS if=!flag:d09_relay_n
npc lift_riders2 28 10 up sprite=survivor talk=D09_LIFT_SAFE if=flag:d09_relay_n
chest D09_C_R03 35 18 G022 1
spawn from_r01 1 17 right
spawn from_r04 19 1 down
exit 0 16..19 D09_R01 from_r03
exit 18..21 0 D09_R04 from_r03

=== D09_R04
name: Sable Conduit - Soldiers' Walk
encounters: none
save: true
tileset: conduit
music: M020
zone: D09
region: R01
location: L_D09
grid:
##############....##############
##############....##############
############m#....#m############
###########mm#....#mm###########
###.cc.rr..u..,,,,..u..rr.cc.###
###r..........,,,,..........r###
###..........,,,,,,..........###
###c...........,,............###
###cc..........,,.........!..###
###.....rr.........,.....u...###
###..u.........,...,.........###
###............,,,.......rr..###
.............c..................
,,,,,,,,,,,,,,,,,,,,,,,,,,,,,,,,
.......x.....c.......c..........
###....................c.....###
###..u.................u.....###
###..####xx##.....,.r.######.###
###..#x,,,,.#.....,...#....#.###
###..#,,,,,,+.....,...#....#.###
###..#,,,,,.#....c,........#x###
###..#,x,,,x#....c,...#....#.###
###..########.....,...######.###
###xx.........x....,,....r...###
###...................x...rr.###
################################
################################
################################
entities:
chest D09_SECRET_CHEST 25 20 A009 1 acq=D09_SECRET
read 18 21 "Ration chit, pinned to a crate: 'Quartermaster's spare badge is in the cage by the east wall. Mind the loose bar on the west side.'"
npc trapped 8 19 right sprite=soldier talk=D09_SOLDIERS if=!flag:d09_rescue
npc rescued 14 8 down sprite=soldier talk=D09_SOLDIERS_AFTER if=flag:d09_rescue
trigger 13..18 5..6 scene=D09_WARNING if=!event:D09_WARNING
save 20 8
heal 22 8
spawn from_r02 1 13 right
spawn from_r03 30 13 left
spawn from_r05 15 1 down
exit 0 12..15 D09_R02 from_r04
exit 31 12..15 D09_R03 from_r04
exit 14..17 0 D09_R05 from_r04 if=flag:d09_relay_s,flag:d09_relay_n,event:D09_WARNING locked="Two synchronization relays still hold the bridge doors. Release the south relay and reroute the north lift."

=== D09_R05
name: Sable Conduit - Marshal Bridge
encounters: none
tileset: conduit
music: M020
zone: D09
region: R01
location: L_D09
grid:
__________________....__________________
__________________....__________________
__________________....__________________
________________u=....=u________________
_________________=======________________
________________========________________
________________u======u________________
________________========________________
________________=======_________________
________________u======u________________
________________========________________
________________========________________
______________u.....mm...u______________
_____________*..,,,,,,,,..*_____________
_____________p.,,,,,,,,,,.p_____________
____________..,,,,,,,,,,,,..____________
_____________p.,,,,{{,,,,.p_____________
_____________*..,,,{{,,,..*_____________
______________u..,,,,,,..u______________
_______________x........x_______________
________________========________________
________________u======u________________
________________========________________
________________=======_________________
________________u======u________________
________________========________________
_________________=======________________
________________u======u________________
________________==....==________________
__________________....__________________
__________________....__________________
__________________....__________________
entities:
trigger 16..23 20..21 scene=D09_VOSS if=!flag:b09_done
switch relay_bridge 19 13 flag=d09_relay_b scene=D09_RELAY_B if=flag:b09_done
save 17 25
heal 22 25
spawn from_r04 19 29 up
spawn from_r06 19 2 down
exit 18..21 31 D09_R04 from_r05
exit 18..21 0 D09_R06 from_r05 if=flag:d09_relay_b locked="The third relay still drives the dais door."

=== D09_R06
name: Sable Conduit - Crown Dais
encounters: none
tileset: conduit
music: M020
zone: D09
region: R01
location: L_D09
grid:
################################
################################
################################
###..x######...*...######.x..###
###.....u..u...@...u..u......###
###.........*.m,m.*..........###
###.......,,,,,,,,,,,,.......###
###......,,,,,,,,,,,,,,......###
###...*.,,,,,,,,,,,,,,,,.*...###
###...p.,,,,,,,,,,,,,,,,.p...###
###......,,,,,,,,,,,,,,......###
###x......,,,,,,,,,,,,......x###
###xx......,,,,,,,,,,......xx###
###.........,,,,,,,,.........###
###...u......,,,,,,......u...###
###..........,,,,,,..........###
###...u.......,,,,.......u...###
###x..........,,,,..........x###
###...u.......,,,,.......u...###
###..r........,,,,........r..###
###xx.u.......,,,,.......u.xx###
#############.,,,,.#############
##############,,,,##############
##############....##############
entities:
trigger 12..19 13..14 scene=CH12_DAIS if=!ch:CH12
spawn from_r05 15 22 up
exit 14..17 23 D09_R05 from_r06

=== D09_ESC
name: Sable Conduit - Collapsing Aqueduct
encounters: none
tileset: conduit
music: M027
zone: D09
region: R01
location: L_D09
grid:
############################################
############################################
############################################
############################################
############################################
########################################x,,#
#########xx##..##xx##..##xx##..##xx##..#,,,#
##......,,,,x...,,,,x...,,,,...x,,,,...x,,,p
##......,,,,....,,,,....,,,,....,,,,....,,Ep
##......,,,,....,,,,....,,,,....,,,,....,,Ep
##......,,,,....,,,,....,,,,....,,,,....,,Ep
##......,,,,....,,,,....,,,,....,,,,....,,Ep
##x....r,,,,x...,,,,.x..,,,,x...,,,,..x.,,,p
#########xx###.##xx##.###xx###.##xx##.##,,,#
########################################,,x#
############################################
############################################
############################################
############################################
############################################
entities:
hazard 8..11 7..12 period=2.4 on=0.9 phase=0
hazard 16..19 7..12 period=2.4 on=0.9 phase=1.2
hazard 24..27 7..12 period=2.0 on=0.8 phase=0.4
hazard 32..35 7..12 period=2.0 on=0.8 phase=1.4
sign 4 7 "The stone falls in waves. Shaking dust shows where the next fall will land."
trigger 40..41 7..12 scene=CH12_FALL if=!ch:CH12
spawn start 3 9 right
spawn default 3 9 right
