#! D10 Crown Heart
=== D10_R01
name: Crown Heart - Accord Dock
encounters: none
save: true
tileset: crown
music: M028
zone: D10
region: R06
location: L_D10
phase: post
grid:
~~~~~~~~~~~~~~~~~~~~~~~~~~~~~~~~~~~~~~~~
~~~~~~~~~~~~~~~~~~~~~~~~~~~~~~~~~~~~~~~~
~~~~~~~~~~~~~~~~~~~~~~~~~~~~~~~~~~~~~~~~
~~~~~~~~~~~~~~~*........*~~~~~~~~~~~~~~~
~~~~~~~~~~~~~~~u..,,,,..u~~~~~~~~~~~~~~~
~~~~~~~~~~~~~~~~.,,,,,,.~~~~~~~~~~~~~~~~
~~~~~~~~~~~~~~~*..,,,,..*~~~~~~~~~~~~~~~
~~~~~~~~~~~~~~~~........~~~~~~~~~~~~~~~~
~~~~~~~x.ddddddd........ddddd..dxd~~~~~~
~~~~~.,ddddddddd..,,,,..ddd..,dcddd~~~~~
~~~~ddccdrrddddddd,,,,dddddddddddrrd~~~~
~~~~dddcdddddddddd,,,,ddddddddddrddd~~~~
~~...,dddddddddddd,,,,dddddddddddd,...~~
~~...dddddddddddd!,,,,!dddddddddddd...~~
~~...,dddddddddddd,,,,dddddddddddd,...~~
~~...ddddddddddddd,,,,dddmddddddddd...~~
~~~~u..ddddddddddd,,,,ddd*dudddd..dd~~~~
~~~~.,,.dddddddddd,,,,dddddddddd.,.x~~~~
~~~~..dddddddddddd,,,,ddddddd######d~~~~
~~~~x.dddddddddddd,,,,dddddud#dddd#d~~~~
~~~~ddddd!dddddddd,,,,dddddddddddd#d~~~~
~~~~ddccdddddcdddd,,,,ddddddd#dddd#d~~~~
~~~~drr...dddddddd,,,,ddd..ud######d~~~~
~~~~~v.ddddddddddd,,,,dddddddd..v~~~~~~~
~~~~~~~~~~~~~~~~~dd,,dd~~~~~~~~~~~~~~~~~
~~~~~~~~~~~~~~~~~ud,,du~~~~~~~~~~~~~~~~~
~~~~~~~~~~~~~~~~~dd,,dd~~~~~~~~~~~~~~~~~
~~~~~~~~~~~~~~~~~dd,,dd~~~~~~~~~~~~~~~~~
entities:
spawn world 19 26 up
spawn from_r02 5 13 right
spawn from_r03 34 13 left
spawn from_r04 19 4 down
spawn default 19 26 up
exit 17..22 27 WORLD_POST l_d10
trigger 16..23 18..19 scene=D10_DOCK if=!event:D10_DOCK
npc crew_d 14 20 right sprite=pilot talk=D10_CREW
switch split 24 15 scene=D10_SPLIT if=!flag:d10_done_lungs
exit 2 12..15 D10_R02 from_r01 if=flag:d10_split
exit 37 12..15 D10_R03 from_r01 if=flag:d10_split
exit 16..23 3 D10_R04 from_r01 if=flag:d10_done_lungs
save 8 20
heal 10 20
chest D10_SECRET_CHEST 32 20 A010 1 acq=D10_SECRET
read 12 21 "A tally on a crate: 'Dock master keeps a spare glass in the locker past the east bollards.'"

=== D10_R02
name: Crown Heart - West Lung
encounters: D10
rate: 0.6
save: true
tileset: crown
music: M028
zone: D10
region: R06
location: L_D10
phase: post
grid:
################################
################################
################################
###..x#....v..@@@..v....#x...###
###.........u,,,,,u..........###
###.v......,,,,,,,......v.x..###
########.##u..,,,..u####.#######
###.........,,,,,,,......v...###
###.x......,,,,,,,,,......x..###
###.#####.#u........u###.#######
###..v.....,,,,,,,,,.....v...###
###.........,,,,,,,,,........###
###........,,,,,,,,,,,.......###
###m......,,,,,,,,,,,,..mm...###
###mm.....,,,,,,,,,,,,,.mm......
###....,,,,,,,,,,,,,,,,,..,,,,,,
###v......,,,,,,,,,,,,,..v......
###mm.....,,,,,,,,,,,,,.mm......
###..v....,,,,,,,,,,,....v...###
###.........,,,,,,,,.........###
###..x......,,,,,,,......x...###
#######.###u.......u###.########
###..v........,,,.........v..###
###.x.........,,,..........x.###
#####.#####u..,,,..u#####.######
###..........,,,,,...........###
###.x.....!..,,,,,..!.....x..###
###..v........,,,........v...###
###xx......................xx###
################################
################################
################################
entities:
spawn from_r01 30 15 left
exit 31 14..17 D10_R01 from_r02 if=flag:d10_done_lungs
spawn default 15 15 down
switch lockA 7 15 scene=D10_W1
switch lockB 23 15 scene=D10_W2
switch swapbell 15 5 scene=D10_SWAP
save 15 26

=== D10_R03
name: Crown Heart - East Lung
encounters: D10
rate: 0.6
save: true
tileset: crown
music: M028
zone: D10
region: R06
location: L_D10
phase: post
grid:
################################
################################
################################
###.x.u...u..*.@.*..u...u..x####
###...#...#,,,,,,,,,#...#....###
###.*.#...#,,,,,,,,,#.*.#....###
###...#...#,,,,,,,,,#...#..*.###
###...u...u,,,,,,,,,u...u....###
###.*.#.*.#,,,,,,,,,#.*.#.*..###
###...#...#,,,,,,,,,#...#....###
###..x....,,,,,,,,,,,....x...###
####......,,,,,,,,,,,,,.....####
###..!..,,,,,,,,,,,,,,,,..!..###
###*......,,,,,,,,,,,,,.....*###
.....@....,,,,,,,,,,,,,..@...###
,,,,,,,,,,,,,,,,,,,,,,,,.*...###
.....@....,,,,,,,,,,,,,..@...###
..........,,,,,,,,,,,,,.....*###
###..!..,,,,,,,,,,,,,,,,..!..###
#####.....,,,,,,,,,,,,,....#####
###..x....,,,,,,,,,,,....x...###
###...#...#,,,,,,,,,#...#....###
###.*.#.*.#,,,,,,,,,#.*.#.*..###
###...u...u,,,,,,,,,u...u....###
###...#...#,,,,,,,,,#...#....###
###.*.#.*.#,,,,,,,,,#.*.#..*.###
###...#...#,,!,,,!,,#...#....###
###.x.#...#.........#...#.x..###
####.........,,,,,..........####
################################
################################
################################
entities:
spawn from_r01 1 15 right
exit 0 14..17 D10_R01 from_r03 if=flag:d10_done_lungs
spawn default 15 15 down
switch lockA 7 15 scene=D10_E1
switch lockB 23 15 scene=D10_E2
switch swapbell 15 5 scene=D10_SWAP
save 15 26

=== D10_R04
name: Crown Heart - Concord Bridge
encounters: none
save: true
tileset: crown
music: M028
zone: D10
region: R06
location: L_D10
phase: post
grid:
~~~~~~~~~~~~~======~~~~~~~~~~~~~
~~~~~~~~~~~~~======~~~~~~~~~~~~~
~~~~~~~~~~~~~u====u~~~~~~~~~~~~~
~~~~~~~~~~~~~======~~~~~~~~~~~~~
~~~~~~~~~~~~~=====~~~~~~~~~~~~~~
~~~~~~~~~~~~~======~~~~~~~~~~~~~
~~~~~~~~~~~~~u====u~~~~~~~~~~~~~
~~~~~~~~~~~~~======~~~~~~~~~~~~~
~~~~~~~~~~~~~======~~~~~~~~~~~~~
~~~~~~~~~~~~~======~~~~~~~~~~~~~
~~~~~*..u...,,,,,,,,...u..*.~~~~
~~~~.......,,,,,,,,,,......x~~~~
.........!.,,,,,,,,,,...u...~~~~
............,,,,,,,,.......r~~~~
...........,,,,,,,,,,....cc.~~~~
....x......,,,,,,,,,,.......~~~~
~~~~.u......,,,,,,,,.....u.u~~~~
~~~~~*..u...,,,,,,,,...u..*~~~~~
~~~~~~~~~~~~.======.~~~~~~~~~~~~
~~~~~~~~~~~~~======~~~~~~~~~~~~~
~~~~~~~~~~~~~u====u~~~~~~~~~~~~~
~~~~~~~~~~~~~======~~~~~~~~~~~~~
~~~~~~~~~~~~~~=====~~~~~~~~~~~~~
~~~~~~~~~~~~~======~~~~~~~~~~~~~
~~~~~~~~~~~~~u====u~~~~~~~~~~~~~
~~~~~~~~~~~~~======~~~~~~~~~~~~~
~~~~~~~~~~~~~======~~~~~~~~~~~~~
~~~~~~~~~~~~~======~~~~~~~~~~~~~
entities:
spawn from_r01 15 26 up
spawn from_r05 15 1 down
spawn from_alcove 1 13 right
spawn default 15 20 up
exit 13..18 27 D10_R01 from_r04
exit 13..18 0 D10_R05 from_r04
exit 0 12..15 D10_ALCOVE from_r04 if=item:K_LISTENING_PHRASE locked="A sealed alcove. Something inside is singing with no words. You'd need a phrase to be let in."
trigger 12..19 18..19 scene=D10_REUNITE if=!event:D10_REUNITE
save 8 12
heal 10 12
npc formation_d 24 14 left sprite=pilot talk=W_FORMATION

=== D10_ALCOVE
name: Crown Heart - Silent Alcove
encounters: none
tileset: crown
music: M028
zone: D10
region: R06
location: L_D10
phase: post
grid:
########################
########################
########################
###.v..v..###..v..v.x###
###......,,*,*,,.....###
###.v....,@@,....v..x###
###x.....,,,,,,.....v###
###v....,,,,,,,,........
###....,,,,,,,,,,,......
###....,,,,,,,,,,,......
###v....,,,,,,,,........
###x.....,,,,,,.....v###
###.v.....,,,,......x###
###x.......,,.....v..###
####v.v.............v###
########################
########################
########################
entities:
trigger 8..14 8..9 scene=Q12_CANTOR if=!flag:b16_done
spawn from_r04 22 8 left
spawn default 22 8 left
exit 23 7..10 D10_R04 from_alcove
npc ov_v11 12 12 down sprite=vestige:V11 talk=OV_V11 if=!flag:ov_v11 #! ov:v11

=== D10_R05
name: Crown Heart - Crown Vessel
encounters: none
tileset: crown
music: M028
zone: D10
region: R06
location: L_D10
phase: post
legend: _=void
grid:
__________________....__________________
__________________....__________________
__________________....__________________
________________..,dd,,.._______________
_____________x...,,dd,,,...x____________
___________..x..,,,dd,,,,..x..__________
_________..x....*mm,mm*....x....________
________......,,,,,dd,,,,........_______
_________x.....,,,,dd,,,.......x..______
______x......,,,,,,dd,,,,,........x_____
______......,,,,dddddddd,,,........_____
_____x.....,,,dd........dd,,........____
_____.u....,,d..,,,,,,,,..d,,.....u.____
____...*...,,d.,,,,,,,,,,.d,,,...*...___
____x......,,d.,,,,,,,,,,.d,,,......x___
____..u....,,d.,,,,,,,,,,.d,,,....u..___
____x......,,d.,,,,,,,,,,.d,,,......x___
____...*...,,d.,,,,,,,,,,.d,,,...*...___
_____.u....,,d..,,,,,,,,..d,,.....u.____
_____x.....,,,dd........dd,,........____
______......,,,,dddddddd,,,........_____
______x......,,,,,,dd,,,,,........x_____
_________x.....,,,,dd,,,.......x..______
________......,,,,,dd,,,,........_______
_________..x....,,,dd,,,,....x..________
___________..x..,,,dd,,,,..x..__________
_____________x...,,dd,,,...x____________
________________..,dd,,.._______________
__________________....__________________
__________________....__________________
__________________....__________________
__________________....__________________
entities:
trigger 14..25 16..17 scene=CH22_VESSEL if=!flag:b12_done
spawn from_r04 19 29 up
spawn from_r06 19 2 down
exit 18..21 31 D10_R04 from_r05
exit 18..21 0 D10_R06 from_r05 if=flag:b12_done

=== D10_R06
name: Crown Heart - Open Sky
encounters: none
tileset: crown
music: M028
zone: D10
region: R06
location: L_D10
phase: post
legend: _=void
grid:
________________________________
________________________________
________________________________
________________________________
_____________u.....u____________
__________*...........*_________
________..u..,,,,,,,,..u._______
_______....,,,,,,,,,,,....______
______*...,,,,,,,,,,,,,...*_____
_____u...,,dddddddddd,,....u____
____....,,d,,,,,,,,,,d,,.....___
____.*...d,,,,,,,,,,,,d....*.___
____.....d,,,,,,,,,,,,d......___
____...u,,d,,,,,,,,,,d,,u....___
____x......dddddddddd.......x___
_____u.........dd..........u____
______*........dd.........*_____
_______..x.....dd......x..______
________u......dd.......u_______
__________*....dd......_________
_____________.,dd,..____________
______________.dd.______________
______________.dd.______________
______________....______________
entities:
trigger 10..21 10..13 scene=CH22_SC11 if=!ch:CH22
spawn from_r05 15 21 up
spawn default 15 21 up
exit 14..17 23 D10_R05 from_r06
