#! T02 Veyr + D02 Underways
=== T02_MARKET
name: Veyr - South Market
tileset: capital
music: M011
zone: T02
region: R01
location: L_T02
grid:
###################++++++###################
###################++++++###################
##::::::::::::::::::::::::::::::::::::::::##
##:R4RRRRR::RRRRRR::::::::RRRR4R::RRRRRRR:##
##:RRRRRRR::RRRRRR::::::::RRRRRR::RRRRRRR:##
##:WQWDWQW::WQDQWQ::::::::WQWDWQ::WQWQDQW:##
##::::::::::::::::y::::::y::::::::::::::::##
##::::::::::::::::::::::::::::::::::::::::##
##::::::::::::::::::::::::::::::::::::::::##
##::::l::::::::::::::::::::::::::::::l::::##
##::::::aaaa:::aaaa:::::aaaa:::aaaa:::::::##
##::::::nnnn:::nnnn:::::nnnn:::nnnn:::::::##
##::::::::::::::::::::::::::::::::::::::::##
##::::::::::::::::::::::::::::::::::::::::##
##::::::::y::::::l:::O::::l::::::y::::::::##
##::::::::::::::::::::::::::::::::::::::::##
##:RRRRRRRR::::::::::::::::::::::RRRRRR4R:##
##:RRRRRRRR::::::::::::::::::::::RRRRRRRR:##
##:WQWQDQWQ::::::::::::::::::::::WQWDWQWQ:##
##::::::::::::::::::::::::::::::::::::::::##
##::::::::::cc.r:::t.t:::cc:::::::::::::::##
##::::::::::::::::::::::::::::::::::::::::##
##::::::::::::::::::::::::::::::::::::::::##
##::::l::::::::::::::::::::::::::::::l::::##
##::::::::::::::::::::::::::::::::::::::::##
##::::::::::::::::::::::::::::::::::::::::##
##################::::::::##################
##################::::::::##################
##################"::::::"##################
##################"::::::"##################
entities:
spawn world 21 27 up
spawn from_square 21 2 down
spawn from_shop 7 20 down
spawn default 21 27 up
exit 19..24 29 WORLD t02
exit 19..24 0 T02_SQUARE from_market
door 7 19 T02_SHOP entry sfx=FX008
npc herald 21 8 down sprite=noble talk=T02_HERALD if=!ch:CH02
npc guard_a 19 12 right sprite=guard talk=T02_GUARDS
npc guard_b 20 12 left sprite=soldier talk=T02_GUARDS
npc vendor1 9 9 down sprite=keeper talk=T02_VENDOR1
npc vendor2 25 9 down sprite=baker talk=T02_VENDOR2
npc lampman 26 15 left sprite=worker talk=T02_LAMPMAN
npc child_v 30 22 up sprite=child talk=T02_CHILD wander=1
npc clerk_m 14 16 down sprite=clerk talk=T02_CLERK_M
npc pilgrim 37 12 left sprite=monk talk=T02_PILGRIM
shop 16 11 SHOP_T02
sign 22 3 "Oath Square. Ministry of Relays. Crown Records below."

=== T02_SHOP
name: Veyr - Blades and Plate
tileset: interior
music: M011
zone: T02
location: L_T02
grid:
##############
#kkk.nnnn.kkk#
#............#
#............#
#............#
#.c..t.t..r..#
#............#
#............#
######++######
entities:
spawn entry 6 7 up
exit 6..7 8 T02_MARKET from_shop
npc smith 6 1 down sprite=keeper talk=T02_SMITH
shop 6 2 SHOP_T02

=== T02_SQUARE
name: Veyr - Oath Square
tileset: capital
music: M011
zone: T02
region: R01
location: L_T02
grid:
##########RRRRRRRRRRRRRRRRRRRR##########
##########RRRRRRRRRRRRRRRRRRRR##########
##########WWWWWWWWWWWWWWWWWWWW##########
##########WWWWWWWWWWWWWWWWWWWW##########
##########WWWWWWWWWWWWWWWWWWWW##########
##########WQWWQWWQDDDDWQWWQWWW##########
##::::::::::u:ssssssssssss:u::::::::::##
##::::::::::::ssssssssssss::::::::::::##
##:bb:::::::::ssssssssssss:::::::::bb:##
##::::::::::::::::::::::::::::::::::::##
##::::l::::::::::::::::::::::::::l::::##
##:bb::::::::::::::::::::::::::::::bb:##
##::::::::::::::........::::::::::::::##
##::::::::::::::........::::::::::::::##
##::::::::::::::...y....::::::::::::::##
##::::::::::::::........::::::::::::::##
##::::::::::::::........::::::::::::::##
##::::::::::::::::::::::::::::::::::::##
##::::::::::::::::::::::::::::::::::::##
##::::::::::::::::::::::::::::::::::::##
##::::l::::::::::::::::::::::::::l::::##
##:D::::::::::::::::::::::::::::::::::##
######::::::::::::::::::::::::::::######
######::::::::::::::::::::::::::::######
######::::::::::::::::::::::::::::######
######::::::::::::::::::::::::::::######
######::::::::::::::::::::::::::::######
##::::::::::::::::::::::::::::::::::::##
entities:
spawn from_market 19 25 up
spawn from_records 3 20 down
spawn default 19 25 up
exit 18..21 27 T02_MARKET from_square
door 3 21 T02_RECORDS entry sfx=FX009 if=ch:CH02
npc minister_aide 19 9 down sprite=noble talk=T02_AIDE if=!ch:CH02
npc guard_s1 17 9 down sprite=guard talk=T02_GUARD_S if=!ch:CH02
npc guard_s2 22 9 down sprite=guard talk=T02_GUARD_S if=!ch:CH02
npc ansel_sq 30 12 left sprite=ansel talk=T02_ANSEL_SQ if=!ch:CH02
npc widow 8 16 right sprite=elder talk=T02_WIDOW
trigger 17..22 11..12 scene=CH02_ARREST if=!ch:CH02,ch:CH01
read 19 15 "The Oath Statue: 'I shall carry the Crown's orders.' Someone has scratched 'whose?' beneath."

=== T02_RECORDS
name: Veyr - Lower Records Hall
tileset: interior_stone
music: M011
zone: T02
location: L_T02
grid:
##############################
#.sss........................#
#............................#
#..kk..kk..kk..kk..kk..kk....#
#..kk..kk..kk..kk..kk..kk....#
#..kk..kk..kk..kk..kk..kk....#
#..kk..kk..kk..kk..kk..kk....#
#..kk..kk..kk..kk..kk..kk....#
#..kk..kk..kk..kk..kk..kk....#
#..kk..kk..kk..kk..kk..kk....#
#..kk..kk..kk..kk..kk..kk....#
#..kk..kk..kk..kk..kk..kk....#
#..kk..kk..kk..kk..kk..kk....#
#..kk..kk..kk..kk..kk..kk....#
#............................#
#............................#
#,,,,,,,,,,,,,,,,,,,,,,,,,,,,#
#,,,,,,,,,,,,,,,,,,,,,,,,,,,,#
#,,,,,,,,,,,,,,,,,,,,,,,,,,,,#
##############################
entities:
spawn entry 3 2 down
exit 2..4 1 T02_SQUARE from_records
npc archivist_v 14 16 up sprite=scholar talk=T02_ARCHIVIST
chest T02_C_REC 26 16 I005 1

=== D02_R01
name: Veyr Underways - Intake Hall
encounters: none
save: true
tileset: underways
music: M020
zone: D02
region: R01
location: L_T02
grid:
##################....##################
##################....##################
##.................,,.................##
##,,,,,,,,#...l....,,....l............##
##,,,,,,,,#........,,.........kkk.....##
##,,,,,,,,{........,,.........kkk.....##
##,,,,,,,,#........,,.................##
##,,,,,,,,#........,,.................##
##.................,,.................##
##,,,,,,,,#........,,.................##
##,,B,,,,,#........,,.................##
##,,,,,,,,,........,,.................##
##,,,,,,,,#.,,,,,,,,,.................##
##,,,,,,,,#.,,,,,,,,..................##
##....................................##
##,,,,,,,,#...........................##
##,,,,,,,,#...........................##
##,,,,,,,,{...........................##
##,,,,,,,,#...........................##
##,,,,,,,,#...........................##
##.............tt.b...................##
##.............tt.....................##
##....................................##
##....................................##
##............l..........l............##
##....................................##
########################################
########################################
entities:
spawn cell 6 11 right
spawn from_r02 19 3 down
spawn default 6 11 right
npc oriel_cell 12 11 left sprite=C06 talk=D02_ORIEL if=!recruited:C06
npc jailer 20 20 left sprite=guard talk=D02_JAILER if=!recruited:C06
chest D02_C_R01 35 24 I001 2
exit 18..21 0 D02_R02 from_r01 if=recruited:C06 locked="Raven: The door's barred. We need a way out that isn't this one."
save 33 12

=== D02_R02
name: Veyr Underways - Ledger Stacks
encounters: D02
rate: 0.7
tileset: underways
music: M020
zone: D02
region: R01
location: L_T02
grid:
################################
################################
##............................##
##............................##
##..kkkkk..kkkkk..kkkkk..kkkkk##
##..kkkkk..kkkkk..kkkkk..kkkkk##
##............................##
##............................##
##............................##
##..kkkkk..kkkkk..kkkkk..kkkkk##
##..kkkkk..kkkkk..kkkkk..kkkkk##
##............................##
##............................##
##............................##
##..kkkkk..kkkkk..kkkkk..kkkk...
##..kkkkk..kkkkk..kkkkk..kkkk...
##..............................
##..............................
##............................##
##..kkkkk..kkkkk..kkkkk..kkkkk##
##..kkkkk..kkkkk..kkkkk..kkkkk##
##............................##
##............................##
##............................##
##..kkkkk..kkkkk..kkkkk..kkkkk##
##..kkkkk..kkkkk..kkkkk..kkkkk##
##............................##
##............................##
##............................##
##............................##
##############....##############
##############....##############
entities:
spawn from_r01 15 29 up
spawn from_r03 29 15 left
exit 14..17 31 D02_R01 from_r02
exit 31 14..17 D02_R03 from_r02 if=event:D02_SC03 locked="Aurex: The records first. All of them."
trigger 11..20 13..14 scene=D02_SC03 if=!event:D02_SC03
read 6 17 "A ledger page: 'Unit 4419, dragonborn, Crown Quarry lift crew. Status: expendable material.' The unit has a name written in pencil: Wren."
read 25 22 "Transport orders, stamped by the Marshal's office: heartglass cargo routed 'via Rootward sluices to the northern road.'"
chest D02_C_R02 27 4 I004 2

=== D02_R03
name: Veyr Underways - Bell Junction
encounters: D02
rate: 0.6
save: true
tileset: underways
music: M020
zone: D02
region: R01
location: L_T02
grid:
##################....##################
#################......#################
#################......#################
#################......#######,,,,,,,###
#################......#######,,,j,,,###
#################......#######,,,,,,,###
#################......#######,,,,,,,###
#################......#######,,,,,,,###
#################......#######,,,,,,,###
#................................,.....#
.......................................#
.......................................#
.......................................#
.......................................#
#.....,................................#
###,,,,,,,#######......#################
###,,,,,,,#######......#################
###,,,,,,,#######......#################
###,,,,,,,#######......#################
###,,,,,,,#######......#################
###,,,,,,,#######......#################
#################......#################
#################......#################
##################....##################
entities:
npc patrol_n1 19 4 down sprite=guard talk=D02_PATROL if=!flag:d02_bell
npc patrol_n2 20 4 down sprite=guard talk=D02_PATROL if=!flag:d02_bell
npc patrol_s1 19 19 up sprite=guard talk=D02_PATROL if=flag:d02_bell
npc patrol_s2 20 19 up sprite=guard talk=D02_PATROL if=flag:d02_bell
block 17..22 5 tile=grate if=!flag:d02_bell msg="Two guards hold the north corridor. Their chalk marks point to the bell alcove."
block 17..22 18 tile=grate if=flag:d02_bell msg="The guards moved to the south corridor, toward the echo."
switch bell 33 5 flag=d02_bell scene=D02_BELL
sign 26 9 "Chalk on the floor: 'Signal bell = all posts report to the echo side.'"
save 5 17
heal 7 17
spawn from_r02 1 11 right
spawn from_r04 19 21 up
spawn from_r05 19 2 down
exit 0 10..13 D02_R02 from_r03
exit 18..21 23 D02_R04 from_r03
exit 18..21 0 D02_R05 from_r03

=== D02_R04
name: Veyr Underways - Cistern Walk
encounters: D02
rate: 1.0
tileset: underways
music: M020
zone: D02
region: R01
location: L_T02
grid:
##############....##############
##############....##############
##............................##
##............................##
##..........kk.kk.............##
##............................##
##............................##
##............................##
##............................##
##............................##
##............................##
##............................##
##............................##
##~~~~~~^^~~~~~~~~~~~~~~L~~~~~##
##~~~~~~^^~~~~~~~~~~~~~~L~~~~~##
##~~~~~~^^~~~~~~~~~~~~~~L~~~~~##
##,,,,,,,,,,,,,,,,,,,,,,,,,,,,##
##,,,,,,,,,,,,,,,,,,,,,,,,,,,,##
##,,rr.c,,,,,,,,,,,,,,,,,,,,,,##
##,,,,,,,,,,,,,,,,,,,,,,,,,,,,##
##,,,,,,,,,,,,,,,,,,,,,,,,,,,,##
##,,,,,,,,,,,,,,,,,,cc,,,,,,,,##
##,,,,,,,,,,,,,,,,,,c,,,,,,#####
##,,,,,,,,,,,,,,,,,,,,,,,,,,,###
##,,,,,,,,,,,,,,,,,,,,,,,,,,,###
##,,,,,,,,,,,,,,,,,,,,,,,,,#####
################################
################################
entities:
trigger 8..9 12 scene=D02_DROP if=!flag:d02_dropped
chest D02_SECRET_CHEST 28 24 A002 1 acq=D02_SECRET
read 5 21 "Maintenance note: 'Overflow valve behind the east barrels. Mind the step.'"
chest D02_C_R04 20 23 I006 1
spawn from_r03 15 3 down
spawn from_r05 27 3 left
exit 14..17 0 D02_R03 from_r04
exit 29 2..4 D02_R05 from_r04

=== D02_R05
name: Veyr Underways - Seal Chamber
encounters: none
tileset: underways
music: M020
zone: D02
region: R01
location: L_T02
grid:
########################################
########################################
########################################
########################################
################.........###############
#############...mmmmmmmm....############
###########.....mmmmmmmm......##########
#########.......mmmmmmmm........########
########u.......mmmmmmmm.......u.#######
#######...........................######
######.............................#####
#####...............................####
#####...............................####
#####...............................####
........................................
........................................
........................................
........................................
####.................................###
#####...............................####
#####...............................####
#####...............................####
######.............................#####
#######...........................######
########u......................u.#######
#########.......................########
###########...................##########
#############...............############
################.........###############
##################....##################
##################....##################
##################....##################
entities:
trigger 14..25 20 scene=D02_BAILIFF if=!flag:b02_done
spawn from_r03 19 29 up
spawn from_r04 1 15 right
spawn from_r06 38 15 left
exit 18..21 31 D02_R03 from_r05
exit 0 14..17 D02_R04 from_r05
exit 39 14..17 D02_R06 from_r05 if=flag:b02_done locked="The canal door is sealed by the Bailiff's stamp."

=== D02_R06
name: Veyr Underways - Canal Exit
encounters: none
save: true
tileset: underways
music: M020
zone: D02
region: R01
location: L_T02
grid:
################################
################################
################################
#..............................#
#...cc.........................#
#...r..........................#
...............................#
...............................#
...............................#
#..............................#
#..............................#
#..............................#
#~~~~~~~~~~~ddddd~~~~~~~~~~~~~~#
#~~~~~~~~~~~ddddd~~~~~~~~~~~~~~#
#~~~~~~~~~~~~~6~~~~~~~~~~~~~~~~#
#~~~~~~~~~~~~~~~~~~~~~~~~~~~~~~#
#~~~~~~~~~~~~~~~~~~~~~~~~~~~~~~#
#~~~~~~~~~~~~~~~~~~~~~~~~~~~~~~#
#~~~~~~~~~~~~~~~~~~~~~~~~~~~~~~#
#~~~~~~~~~~~~~~~~~~~~~~~~~~~~~~#
#~~~~~~~~~~~~~~~~~~~~~~~~~~~~~~#
################################
################################
################################
entities:
npc ansel 20 6 left sprite=ansel talk=D02_ANSEL if=!ch:CH02
trigger 12..16 11 scene=CH02_CANAL if=!ch:CH02
save 26 5
heal 27 5
spawn from_r05 1 7 right
exit 0 6..8 D02_R05 from_r06
