#! T06 Nacre + D08 Memory Vault
=== T06_MARKET
name: Nacre - Salt Market
tileset: town_r05
music: M015
zone: T06
region: R05
location: L_T06
grid:
NNNNNNNNNNNNNNNNNNNNNNNNNNNNNNNNNNNNNNNNNNNN
NNNNNNNNNNNNNNNNNNNNNNNNNNNNNNNNNNNNNNNNNNNN
NNNNNNNNNNNNNNNNNNNNNNNNNNNNNNNNNNNNNNNNNNNN
NN::::::::::::::::::::::::::::::::::::::::NN
NN:RRRRRRRR:::RRRRRR:::::::::::RRRRRRR4R::NN
NN:RRRRRRRR:::RRRRRR:::::::::::RRRRRRRRR::NN
NN:WQWDWQWQ:::WQDQWQ:::::::::::WQWQDQWQW::NN
NN::::::::::::::::::::::::::::::::::::::::NN
NN::::::::::::::::::::::*:::::::::::::::::NN
NN:::::::::::::::::NNNNNNN::::::::::::::::NN
NN:::::::::::::::NNNNNNNNNNN::::::::::::::NN
NN::::::::::::::NNNNNNNNNNNNN:::::::::::::NN
:::::::::::::::NNNaaaaNNNNNNNN::::::::::::NN
::::::::::*:::NNNNnnnnNNNNNNNNN:::*:::::::NN
::::::::::::::NNNNNNNNNNNNNNNNN:::::::::::NN
::::::::::::::NNNNNNNNNNNNNNNNN:::::::::::NN
NN:::::::::::::NNNNNNNNNNNNNNN::::::::::::NN
NN:RRRRRRR::::::NNNNNNNNNNNNN:::::::::::::NN
NN:RRRRRRR:::::::NNNNNNNNNNN:::::RRRRRRR::NN
NN:WQWDWQW:::::::::NNNNNNN:::::::RRRRRRR::NN
NN::::::::::gg::gg::gg:::::::::::WQWDWQW::NN
NN::::::::::::::::::::::::::::::::::::::::NN
NN::::::::::::::::::::::::::::::::::::::::NN
NN::::::::::::::::::::::::::::::::::::::::NN
NN::::::::::::::::::::::::::::::::::::::::NN
NN::::::::::::::::::::::::::::::::::::::::NN
NN::::::::::::::::::::::::::::::::::::::::NN
NNNNNNNNNNNNNNNNNNN::::::NNNNNNNNNNNNNNNNNNN
NNNNNNNNNNNNNNNNNNN::::::NNNNNNNNNNNNNNNNNNN
NNNNNNNNNNNNNNNNNNN::::::NNNNNNNNNNNNNNNNNNN
entities:
spawn world 21 28 up
spawn from_cloister 35 8 down
spawn from_pool 1 13 right
spawn default 21 28 up
spawn from_ranch 2 22 up
exit 2 23..24 T06_RANCH from_town  #! ranch: Brinewell Steading
exit 19..24 29 WORLD l_t06
door 35 7 T06_CLOISTER entry sfx=FX009
exit 0 12..15 T06_POOL from_market
npc sen 22 9 down sprite=sen talk=T06_SEN
npc gardener_n 14 22 up sprite=farmer talk=T06_GARDENER
npc family_a 28 16 left sprite=elder talk=T06_FAMILY
npc family_b 27 17 up sprite=survivor talk=T06_FAMILY
npc salt_seller 20 14 down sprite=keeper talk=T06_SALT
npc water_carrier 8 11 right sprite=worker talk=T06_WATER wander=1
npc pilgrim_n 38 22 left sprite=monk talk=T06_PILGRIM
shop 20 13 SHOP_T06

=== T06_CLOISTER
name: Nacre - Quiet Cloister
tileset: interior_stone
music: M015
zone: T06
location: L_T06
save: true
grid:
####################
#.kk.@..kk.kk......#
#..................#
#..................#
#..................#
#..BB.BB..BB.BB....#
#..................#
#..................#
#..gg......gg......#
#..................#
#..................#
#..................#
#..................#
#########++#########
entities:
spawn entry 9 12 up
exit 9..10 13 T06_MARKET from_cloister
npc cloister_keeper 5 2 down sprite=monk talk=T06_INN
inn 5 1 scene=T06_INN
npc listener 14 10 up sprite=scholar talk=T06_LISTENER
save 17 10

=== T06_POOL
name: Nacre - Listening Pool
tileset: town_r05
music: M015
zone: T06
region: R05
location: L_T06
grid:
NNNNNNNNNNNNNNNNNNNNNNNNNNNNNNNN
NNNNNNNNNNNNNNNNNNNNNNNNNNNNNNNN
NN::::::::::::::::::::::::::::NN
NN::::::::::::::::::::::::::::NN
NN:::*::::::::::::::::::::*:::NN
NN::::::::::9999999:::::::::::NN
NN::::::::99999999999:::::::::NN
NN:::::::9999999999999::::::::NN
NN::::::999999999999999:::::::NN
NN:::::99999999999999999::::::::
NN:::::99999999999999999::::::::
NN:::::99999999999999999::::::::
NN::::::999999999999999:::::::::
NN:::::::9999999999999::::::::NN
NN::::::::99999999999:::m:::::NN
NN::::::::::9999999:::::::::::NN
NN::::::::::::::::::::::::::::NN
NN:::*::::::::::::::::::::*:::NN
NN::::::::::::::::::::::::::::NN
NN::::::::::::::::::::::::::::NN
NNNNNNNNNNNNNNNNNNNNNNNNNNNNNNNN
NNNNNNNNNNNNNNNNNNNNNNNNNNNNNNNN
entities:
spawn from_market 30 10 left
exit 31 9..12 T06_MARKET from_pool
npc pool_keeper 15 17 up sprite=sen talk=T06_POOL_KEEPER
trigger 22..26 15..16 scene=CH10_SC07 if=flag:accord_cinder,flag:accord_aerie,flag:accord_nacre,!ch:CH10
npc volunteer 22 15 up sprite=volunteer talk=CH10_VOLUNTEER if=ch:CH09,!ch:CH10
read 15 4 "The listening pool. When it is quiet, you can hear several people remembering the same morning differently."

=== D08_R01
name: Memory Vault - Listening Gate
encounters: none
save: true
tileset: vault
music: M024
zone: D08
region: R05
location: L_D08
grid:
##################....##################
##################....##################
##################....##################
##################....##################
######*....8.....@,,,,@....8.....*######
#####*............,,,,.............#####
#####.............,,,,..........mm.#####
####..............,,,,..........mm..####
####kk............,,,,...??..........###
####kk............,,,,..........kk..*.##
####........*,,,,,,,,,,,,,,*.........###
####.........,,,,,,,,,,,,,,.........####
####....@...,,............,,...@....####
####........,,............,,........####
####....@...,,............,,...@..mm####
####........,,............,,......mm####
###.....@...,,............,,...@..kk####
##*.........,,............,,......k.####
###.........,,,,,,,,,,,,,,,,........####
####........*,,,,,,,,,,,,,*.........####
####*.............,,,,............??####
####..............,,,,........?...kk####
####*.....*.......,,,,............kk####
######............,,,,...*........######
##################....##################
##################....##################
##################....##################
##################....##################
entities:
spawn world 19 26 up
spawn from_r02 19 2 down
spawn default 19 26 up
exit 18..21 27 WORLD l_d08
exit 18..21 0 D08_R02 from_r01 if=event:D08_CONSENT
trigger 16..23 14..15 scene=D08_CONSENT if=!event:D08_CONSENT
save 7 20
heal 9 20

=== D08_R02
name: Memory Vault - Voluntary Accord
encounters: D08
rate: 0.6
tileset: vault
music: M024
zone: D08
region: R05
location: L_D08
grid:
################################
################################
############*..,,..*############
##########k....,,.....k#########
#########...*..,,..*....########
#######.@?.....,,.......k.######
######.........,,........*.#####
#####k........#,,##.........####
#####k......###,,####.......####
####k.....####,,,,,####.....*###
###......###,,,,,,,,,###......##
###......##,,,,,,,,,,,##......##
###.....##,,,......,,,,##.....##
##......##,,,@....@,,*,##......#
.......##,,,,,,,,,,,,,,,##......
.......##*,,,,,8,,,,,,,,##......
.......##,,,,,,,,,,,,,*,##......
.......##,,,,@,,,,,,@,,,##......
##.....##,,,,,,,,,,,,,,,##.....#
##......##,,,,,,,,,,,,,##......#
###.....##,,,,,,,,,,,,,,......##
###......##,,,,,,,,,,,,.......##
###......###,,,,,,,,,###*.....##
####......####,,,,,####......###
#####.......###,,####......k####
#####?........#,,##.........####
######..*..............*...#####
#######.k...............k.######
#########...............########
##########.....,,......#########
#############..,,...############
##############....##############
entities:
read 15 14 scene=D08_WALL "x"
read 8 6 scene=D08_T1 "x"
spawn from_r01 15 29 up
spawn from_r03 1 15 right
spawn from_r04 30 15 left
exit 14..17 31 D08_R01 from_r02
exit 0 14..17 D08_R03 from_r02
exit 31 14..17 D08_R04 from_r02

=== D08_R03
name: Memory Vault - First Industry
encounters: D08
rate: 0.8
tileset: vault
music: M024
zone: D08
region: R05
location: L_D08
grid:
##################....##################
##################....##################
##################....##################
###.mm.mm..mm.....,,,,....mm.mm.mm.....#
##..mm.mm..mm.....,,,,....mm.mm.mm....##
##................,,,,..............k.##
##................,,,,..............k.##
##.,,,,,,,........,,,,.,,,,,,,........##
##.mBBBBBm........,,,,.mBBBBBm........##
##.,,,,,,,........,,,,.,,,,,,,........##
##................,,,,..................
##................,,,,,,,,,,,,,,,,,,,,,,
##................,,,,,,,,,,,,,,,,,,,,,,
##................,,,,..................
##mm..................................##
##mm............................kk.kk.##
##........*.@.*........k..@.*.........##
##..............................??.??.##
##k...................................##
##k.....................mBBBBBm.......##
###...mBBBBBm........................###
########################################
########################################
########################################
entities:
read 12 15 scene=D08_T2A "x"
read 26 15 scene=D08_T2B "x"
chest D08_C_R03 4 18 I005 1
save 30 6
spawn from_r02 38 11 left
spawn from_r05 19 1 down
exit 39 10..13 D08_R02 from_r03
exit 18..21 0 D08_R05 from_r03 if=flag:d08_chrono locked="The choir door will not open to a partial record."

=== D08_R04
name: Memory Vault - Quiet Nursery
encounters: none
tileset: vault
music: M024
zone: D08
region: R05
location: L_D08
grid:
##############....##############
##############....##############
##*...........,,,,.........kk*##
##............,,,,............##
##.B.B.B......,,,,...........k##
##............,,,,............##
##.B.B.B.B.B..,,,,..B.B.B.B...##
##............,,,,............##
##.B.B.B.B....,,,,..B.B.B.B...##
##............,,,,............##
##.B.B.B.B.B..,,,,..B.B.B.B...##
##............,,,,............##
..............,,,,...........8##
,,,,,,,,,,,,,,,,,,....B.B.B...##
,,,,,,,,,,,,,,,,,,...........8##
..............,,,,............##
##k...........,,,,....*.....*.##
##k...tt......,,,,............##
##k...........,,,,....k.k.k...##
##............,,,,............##
##..*................*@.########
##k.....................#k??k###
##........t..................###
##k.....................#k..k###
##......................########
##..*.....................*...##
################################
################################
entities:
read 22 19 scene=D08_T3 "x"
chest D08_ELIXIR 26 4 I024 1 acq=ELIXIR_D08
save 20 4
chest D08_SECRET_CHEST 27 22 A008 1 acq=D08_SECRET
read 10 22 "A caretaker's note: 'Keep the day-token with the children's shelves, by the south-east alcove.'"
spawn from_r02 1 13 right
spawn from_r05 15 1 down
exit 0 12..15 D08_R02 from_r04
exit 14..17 0 D08_R05 from_r04 if=flag:d08_chrono locked="The choir door will not open to a partial record."

=== D08_R05
name: Memory Vault - Choir Chamber
encounters: none
tileset: vault
music: M024
zone: D08
region: R05
location: L_D08
grid:
##################....##################
##################,,,,##################
################*..,,...*###############
#############.8...........8.############
##########..*...............*..#########
#########.@.....................########
#######............,,.............######
######...........*#,,##*...........#####
#####........@#####,,######@........####
####........*####,,,,,,,####*........###
####......@###,,,,.....,,,,###@......###
###......#*#,,,...........,,,#*#......##
###.....###,@,.............,@,###.....##
###.....##,,,...............,,,##.....##
##*....###,,,...............,,,###....*#
##8....##,,,.................,,,##....8#
##.....##,,,.................,,,##.....#
##*....##,,,.................,,,##....*#
##.....###,,,...............,,,###.....#
###.....##@,,...............,,@##.....##
###.....###,,,.............,,,###.....##
###......#*#,,,...........,,,#*#......##
..........@###,,,,.....,,,,###@.........
.,,,,,,,,,,,,,,,,,,,,,,,,,,,,,,,,,,,,,,.
........................................
........*........@....@........*........
#######.*..........,,...........*.######
#########.@......,,,,,,,......@.########
##########..*....,,,,,,,....*..#########
#############.8....@@@....8.############
################*.......*###############
########################################
entities:
trigger 16..23 14..15 scene=D08_CHOIR if=!flag:b08_done
spawn from_r03 1 23 right
spawn from_r04 38 23 left
spawn from_r06 19 2 down
exit 0 22..25 D08_R03 from_r05
exit 39 22..25 D08_R04 from_r05
exit 18..21 0 D08_R06 from_r05 if=flag:b08_done

=== D08_R06
name: Memory Vault - Still Pool
encounters: none
tileset: vault
music: M024
zone: D08
region: R05
location: L_D08
grid:
################################
################################
################################
###..*....##.......##....*...###
###.......@.........@.......*###
###*........,,,,,,..........*###
###.....,,,,,999999,,,,......###
###....,,,9999999999,,,......###
###*....,9999999999999,,....*###
###.....,99999999999999,.....###
###@...,99999999999999,.....@###
###.....,9999999999999,,.....###
###*.....,99999999999,,.....*###
###.......,999999999,,.......###
###........,,99999,,,........###
###.........,,,,,,,,.........###
###*.......,,,,,,,,,,.......*###
###........,,,,,,,,,,........###
####.......@,,,,,,,,@.......####
####*.........,,,,..........####
#####....*....,,,,....*....#####
##############,,,,##############
##############,,,,##############
##############,,,,##############
entities:
trigger 12..19 16..17 scene=D08_SC06 if=!ch:CH09
spawn from_r05 15 22 up
exit 14..17 23 D08_R05 from_r06
